../state_machines/imu_sm.c:82:13:action_none	4	static
../state_machines/imu_sm.c:87:13:action_do_detect	8	static
../state_machines/imu_sm.c:97:13:action_do_init_driver	16	static
../state_machines/imu_sm.c:110:13:action_do_config_reports	8	static
../state_machines/imu_sm.c:121:13:action_do_run	24	static
../state_machines/imu_sm.c:136:13:action_do_bus_recovery	8	static
../state_machines/imu_sm.c:146:13:action_do_error	4	static
../state_machines/imu_sm.c:151:6:imu_sm_init	8	static
../state_machines/imu_sm.c:157:6:imu_sm_dispatch	24	static
../state_machines/imu_sm.c:173:13:imu_sm_get_state	4	static
../state_machines/imu_sm.c:178:6:imu_sm_is_ready	4	static
