Core/Src/bno085_driver.c:17:24:read_u16	16	static
Core/Src/bno085_driver.c:22:23:read_i16	16	static
Core/Src/bno085_driver.c:31:16:get_next_sequence	24	static
Core/Src/bno085_driver.c:42:23:BNO085_SendSHTP	296	static
Core/Src/bno085_driver.c:77:23:BNO085_SetFeature	48	static
Core/Src/bno085_driver.c:117:16:BNO085_Init	24	static
Core/Src/bno085_driver.c:145:6:BNO085_DataReady	16	static
Core/Src/bno085_driver.c:157:16:BNO085_EnableAccel	16	static
Core/Src/bno085_driver.c:165:16:BNO085_EnableGyro	16	static
Core/Src/bno085_driver.c:173:16:BNO085_EnableMag	16	static
Core/Src/bno085_driver.c:181:16:BNO085_EnableLinearAccel	16	static
Core/Src/bno085_driver.c:189:16:BNO085_EnableGravity	16	static
Core/Src/bno085_driver.c:197:16:BNO085_EnableRotation	16	static
Core/Src/bno085_driver.c:205:16:BNO085_EnableGameRotation	16	static
Core/Src/bno085_driver.c:217:17:parse_sensor_event	72	static
Core/Src/bno085_driver.c:335:13:parse_reports	32	static
Core/Src/bno085_driver.c:351:23:read_shtp_packet	32	static
Core/Src/bno085_driver.c:399:16:BNO085_Update	16	static
Core/Src/bno085_driver.c:414:6:BNO085_GetAccel	16	static
Core/Src/bno085_driver.c:423:6:BNO085_GetGyro	16	static
Core/Src/bno085_driver.c:432:6:BNO085_GetMag	16	static
Core/Src/bno085_driver.c:441:6:BNO085_GetLinearAccel	16	static
Core/Src/bno085_driver.c:450:6:BNO085_GetGravity	16	static
Core/Src/bno085_driver.c:459:6:BNO085_GetRotation	16	static
Core/Src/bno085_driver.c:468:6:BNO085_GetGameRotation	16	static
Core/Src/bno085_driver.c:477:7:BNO085_GetEulerYaw	32	static
