Core/Src/bno085_driver.c:18:24:read_u16	16	static
Core/Src/bno085_driver.c:23:23:read_i16	16	static
Core/Src/bno085_driver.c:32:16:get_next_sequence	24	static
Core/Src/bno085_driver.c:44:23:BNO085_SendSHTP	296	static
Core/Src/bno085_driver.c:85:16:BNO085_SoftReset	24	static
Core/Src/bno085_driver.c:95:23:BNO085_SetFeature	48	static
Core/Src/bno085_driver.c:141:16:BNO085_Init	32	static
Core/Src/bno085_driver.c:188:6:BNO085_DataReady	16	static
Core/Src/bno085_driver.c:200:16:BNO085_EnableAccel	16	static
Core/Src/bno085_driver.c:208:16:BNO085_EnableGyro	16	static
Core/Src/bno085_driver.c:216:16:BNO085_EnableMag	16	static
Core/Src/bno085_driver.c:224:16:BNO085_EnableLinearAccel	16	static
Core/Src/bno085_driver.c:232:16:BNO085_EnableGravity	16	static
Core/Src/bno085_driver.c:240:16:BNO085_EnableRotation	16	static
Core/Src/bno085_driver.c:248:16:BNO085_EnableGameRotation	16	static
Core/Src/bno085_driver.c:260:17:parse_sensor_event	72	static
Core/Src/bno085_driver.c:388:13:parse_reports	32	static
Core/Src/bno085_driver.c:410:23:read_shtp_packet	88	static
Core/Src/bno085_driver.c:461:16:BNO085_Update	16	static
Core/Src/bno085_driver.c:476:6:BNO085_GetAccel	16	static
Core/Src/bno085_driver.c:485:6:BNO085_GetGyro	16	static
Core/Src/bno085_driver.c:494:6:BNO085_GetMag	16	static
Core/Src/bno085_driver.c:503:6:BNO085_GetLinearAccel	16	static
Core/Src/bno085_driver.c:512:6:BNO085_GetGravity	16	static
Core/Src/bno085_driver.c:521:6:BNO085_GetRotation	16	static
Core/Src/bno085_driver.c:530:6:BNO085_GetGameRotation	16	static
Core/Src/bno085_driver.c:539:7:BNO085_GetEulerYaw	32	static
