../tasks/task_manager.c:61:6:vApplicationGetIdleTaskMemory	24	static
../tasks/task_manager.c:70:6:vApplicationGetTimerTaskMemory	24	static
../tasks/task_manager.c:80:6:vApplicationStackOverflowHook	24	static,ignoring_inline_asm
../tasks/task_manager.c:89:6:task_manager_notify_jetson_packet_received	8	static
../tasks/task_manager.c:94:10:task_manager_get_last_jetson_packet_tick	4	static
../tasks/task_manager.c:99:6:task_manager_set_state_snapshot	24	static
../tasks/task_manager.c:108:6:task_manager_get_state_snapshot	24	static
../tasks/task_manager.c:117:6:task_manager_init	24	static
